// Jest Snapshot v1, https://goo.gl/fbAQLP

exports[`Clock should render correctly 1`] = `
<div>
  <h2>
    It is 
    11:56:51 AM
    .
  </h2>
</div>
`;
