// Jest Snapshot v1, https://goo.gl/fbAQLP

exports[`Counter should render correctly 1`] = `
<div>
  <h1>
    <button
      onClick={[Function]}
    >
      Increment
    </button>
    <button
      onClick={[Function]}
    >
      Decrement
    </button>
  </h1>
  <h1>
    0
  </h1>
</div>
`;
