// Jest Snapshot v1, https://goo.gl/fbAQLP

exports[`HomePage should render correctly 1`] = `
<ErrorBoundary>
  <withRouter(WithStyles(PageHeader)) />
  <h1>
    Home Page
  </h1>
</ErrorBoundary>
`;
