// Jest Snapshot v1, https://goo.gl/fbAQLP

exports[`Toggle should render correctly 1`] = `
<div>
  <span>
    Toggle: 
  </span>
  <button
    onClick={[Function]}
  >
    ON
  </button>
</div>
`;
