// Jest Snapshot v1, https://goo.gl/fbAQLP

exports[`HelloWorld should render correctly 1`] = `
<div>
  <h1>
    Default Text
  </h1>
</div>
`;
